package classspec;

import org.civet.Civet;
import org.civet.Civet.Compile;

class Circle {
    int radius;
    Point center;
    
    public Circle() {
        super();
    }
    
    public Circle(int radius, Point center) {
        super();
        this.radius = radius;
        this.center = center;
    }
    
    @Compile()
    public static void main(String[] args) {
        Circle c1 = new Circle$1001(new Point(1, 1));
        System.out.println(c1.getArea());
    }
    
    double getArea() {
        return Math.PI * radius * radius;
    }
    
    double getPerimeter() {
        return 2 * Math.PI * radius;
    }
}
class Point {
    double x;
    double y;
    
    public Point(double x, double y) {
        super();
        this.x = x;
        this.y = y;
    }
}
class Circle$1001 extends Circle {
    
    public Circle$1001(classspec.Point center) {
        super();
        this.center = center;
    }
    
    double getArea() {
        return 314.1592653589793;
    }
    
    double getPerimeter() {
        return 62.83185307179586;
    }
}
