
import org.civet.Civet;
import org.civet.Civet.Compile;

public class InstanceMethod {
    
    public InstanceMethod() {
        super();
    }
    
    @Compile()
    public static void main(String[] args) {
        InstanceMethod instanceMethod = new InstanceMethod();
        instanceMethod.mult$1001();
    }
    int myval;
    
    int mult(int n) {
        myval = myval * n;
        return myval;
    }
    
    int mult$1001() {
        myval = myval * 19;
        return myval;
    }
}
