
import org.civet.Civet;
import org.civet.Civet.Compile;

public class MultiClass {
    
    public MultiClass() {
        super();
    }
    
    @Compile()
    public static void main(String[] args) {
        double y = 9;
        A.mult$1001(y);
    }
}
class A {
    
    A() {
        super();
    }
    
    double mult(double x, double y) {
        return x * y;
    }
    
    static double mult$1001(double y) {
        return 10 * y;
    }
}
