
import org.civet.Civet;
import org.civet.Civet.Compile;

public class Power {
    private int exponent;
    
    public Power(int exponent) {
        super();
        this.exponent = exponent;
    }
    
    public double power(double x) {
        double p = 1;
        int n = exponent;
        while (n > 0) {
            p = p * x;
            n = n - 1;
        }
        return p;
    }
    
    @Compile()
    public static void main(String[] args) {
        int x = 10;
        Power.power$1001(x);
    }
    
    public static double power$1001(double x) {
        double p = 1;
        {
            {
                p = p * x;
            }
            {
                p = p * x;
            }
            {
                p = p * x;
            }
            {
                p = p * x;
            }
        }
        return p;
    }
}
