package car.elements;

import car.CarElementVisitor;

public class Engine implements CarElement {
    
    public Engine() {
        super();
    }
    
    public void accept(CarElementVisitor visitor) {
        visitor.visit(this);
    }
    
    public static void accept$1002(car.CarElementVisitor visitor) {
        visitor.visit$1003();
    }
    
    public void accept$1012() {
        car.CarElementDoVisitor.visit$1014(this);
    }
}